../Core/BSP/bsp_nand_flash.c:26:13:BSP_FSMC_NAND_Init	136	static
../Core/BSP/bsp_nand_flash.c:118:16:BSP_FSMC_NAND_Reset	8	static
../Core/BSP/bsp_nand_flash.c:129:16:FSMC_NAND_ReadStatus	16	static
../Core/BSP/bsp_nand_flash.c:152:16:FSMC_NAND_GetStatus	16	static
../Core/BSP/bsp_nand_flash.c:171:16:FSMC_NAND_ReadPage	32	static
../Core/BSP/bsp_nand_flash.c:202:16:FSMC_NAND_ReadSpare	24	static
../Core/BSP/bsp_nand_flash.c:211:9:NAND_Init	16	static
../Core/BSP/bsp_nand_flash.c:223:16:NAND_BuildLUT	16	static
../Core/BSP/bsp_nand_flash.c:272:10:NAND_ReadID	16	static
