../Core/BSP/LCD_RA8875.c:25:6:RA8875_ClrScr	32	static
../Core/BSP/LCD_RA8875.c:34:13:BTE_SetTarBlock	24	static
../Core/BSP/LCD_RA8875.c:55:13:RA8875_WriteReg	16	static
../Core/BSP/LCD_RA8875.c:65:6:RA8875_SetFrontColor	16	static
../Core/BSP/LCD_RA8875.c:72:6:RA8875_DrawBMP	32	static
../Core/BSP/LCD_RA8875.c:80:6:RA8875_SetDispWin	32	static
../Core/BSP/LCD_RA8875.c:106:13:RA8875_SetCursor	16	static
../Core/BSP/LCD_RA8875.c:114:6:RA8875_PutPixel	16	static
../Core/BSP/LCD_RA8875.c:129:6:RA8875_SetBackLight	16	static
../Core/BSP/LCD_RA8875.c:146:6:RA8875_SetBackColor	16	static
../Core/BSP/LCD_RA8875.c:153:6:RA8875_SetFont	16	static
../Core/BSP/LCD_RA8875.c:171:6:RA8875_SetTextZoom	16	static
../Core/BSP/LCD_RA8875.c:176:6:RA8875_DispStr	16	static
../Core/BSP/LCD_RA8875.c:205:13:RA8875_SetTextCursor	16	static
../Core/BSP/LCD_RA8875.c:213:6:RA8875_WaitBusy	8	static
../Core/BSP/LCD_RA8875.c:218:6:RA8875_DrawCircle	24	static
../Core/BSP/LCD_RA8875.c:240:6:RA8875_DrawRect	24	static
../Core/BSP/LCD_RA8875.c:261:6:RA8875_FillRect	24	static
../Core/BSP/LCD_RA8875.c:285:13:BTE_SetOperateCode	16	static
../Core/BSP/LCD_RA8875.c:290:13:BTE_Start	8	static
../Core/BSP/LCD_RA8875.c:298:13:BTE_Wait	8	static
