../Core/BSP/LCD_RA8875.c:24:6:RA8875_ClrScr	32	static
../Core/BSP/LCD_RA8875.c:33:13:BTE_SetTarBlock	24	static
../Core/BSP/LCD_RA8875.c:54:13:RA8875_WriteReg	16	static
../Core/BSP/LCD_RA8875.c:64:6:RA8875_SetFrontColor	16	static
../Core/BSP/LCD_RA8875.c:71:6:RA8875_DrawBMP	32	static
../Core/BSP/LCD_RA8875.c:79:6:RA8875_SetDispWin	32	static
../Core/BSP/LCD_RA8875.c:105:13:RA8875_SetCursor	16	static
../Core/BSP/LCD_RA8875.c:114:13:BTE_SetOperateCode	16	static
../Core/BSP/LCD_RA8875.c:119:13:BTE_Start	8	static
../Core/BSP/LCD_RA8875.c:127:13:BTE_Wait	8	static
